on=1
off=0
n=7
gt=1
both=1
either=1
differ=0
neither=1
prec=1
grouped=0
chain=1
cmp=55
inside=1
gated=7
i=10
seen=1
allSmall=0
cycle=1
armed=1
held=1
flipped=1
on=1
off=0
n=7
gt=1
both=1
either=1
differ=0
neither=1
prec=1
grouped=0
chain=1
cmp=55
inside=1
gated=7
i=10
seen=1
allSmall=0
cycle=2
armed=0
held=1
flipped=0
on=1
off=0
n=7
gt=1
both=1
either=1
differ=0
neither=1
prec=1
grouped=0
chain=1
cmp=55
inside=1
gated=7
i=10
seen=1
allSmall=0
cycle=3
armed=1
held=0
flipped=1
