cycle=1
t=5
first=1
mode=10
band=99
sign=2
legacy=2
whileZero=0
repeatOne=1
sum=15
k=3
rep=3
found=5
i=3
j=3
outerCnt=3
innerCnt=6
spins=4
acc=10
r=0.625
halves=4
flag=1
tries=4
digitsZero=1
digitsBig=5
lvl=7
drained=2
pick=3
taps=11
wOuter=4
wInner=12
wStep=3
rOuter=3
rInner=9
rStep=3
stepsUsed=6
grown=4
armed=0
paces=3
rampSpeed=6
rampTicks=2
rampTop=0
gear=2
cycle=2
t=5
first=1
mode=20
band=99
sign=2
legacy=2
whileZero=0
repeatOne=1
sum=15
k=3
rep=3
found=5
i=3
j=3
outerCnt=3
innerCnt=6
spins=4
acc=10
r=0.625
halves=4
flag=1
tries=4
digitsZero=1
digitsBig=5
lvl=10
drained=3
pick=3
taps=11
wOuter=4
wInner=12
wStep=3
rOuter=3
rInner=9
rStep=3
stepsUsed=6
grown=4
armed=0
paces=3
rampSpeed=12
rampTicks=2
rampTop=1
gear=1
cycle=3
t=5
first=1
mode=30
band=99
sign=2
legacy=2
whileZero=0
repeatOne=1
sum=15
k=3
rep=3
found=5
i=3
j=3
outerCnt=3
innerCnt=6
spins=4
acc=10
r=0.625
halves=4
flag=1
tries=4
digitsZero=1
digitsBig=5
lvl=9
drained=4
pick=3
taps=11
wOuter=4
wInner=12
wStep=3
rOuter=3
rInner=9
rStep=3
stepsUsed=6
grown=4
armed=0
paces=3
rampSpeed=15
rampTicks=1
rampTop=1
gear=1
